// Jest Snapshot v1, https://goo.gl/fbAQLP

exports[`DashCard render 1`] = `
<DocumentFragment>
  <h2
    class="MuiTypography-root title MuiTypography-h2 MuiTypography-noWrap"
    data-testid="titledPaperTitle"
  >
    any string
  </h2>
  <div
    class="MuiPaper-root paper MuiPaper-elevation2"
  >
    <a
      class="MuiTypography-root MuiLink-root MuiLink-underlineNone MuiTypography-colorInherit"
      href="https://jestjs.io/docs/en/getting-started"
      rel="noopener"
      target="_blank"
    >
      <div
        class="MuiContainer-root items MuiContainer-maxWidthLg"
      >
        <p
          class="MuiTypography-root MuiTypography-body2 MuiTypography-noWrap"
        >
          testing
        </p>
      </div>
    </a>
    <a
      class="MuiTypography-root MuiLink-root MuiLink-underlineNone MuiTypography-colorInherit"
      href="youtube"
      rel="noopener"
      target="_blank"
    >
      <div
        class="MuiContainer-root items MuiContainer-maxWidthLg"
      >
        <p
          class="MuiTypography-root MuiTypography-body2 MuiTypography-noWrap"
        >
          testing
        </p>
      </div>
    </a>
  </div>
</DocumentFragment>
`;
