// Jest Snapshot v1, https://goo.gl/fbAQLP

exports[`renders correctly when there are images 1`] = `
<DocumentFragment>
  <div
    class="MuiGrid-root sponsors MuiGrid-item"
    data-testid="sponsor-card"
  >
    <h2
      class="MuiTypography-root MuiTypography-h2"
    >
      Thanks to our sponsors!
    </h2>
    <div
      class="MuiPaper-root sponsorsPaper MuiPaper-elevation3 MuiPaper-rounded"
    >
      <div
        class="slick-slider slick-initialized"
        dir="ltr"
      >
        <button
          class="slick-arrow slick-prev"
          data-role="none"
          style="display: block;"
          type="button"
        >
           Previous
        </button>
        <div
          class="slick-list"
        >
          <div
            class="slick-track"
            style="opacity: 1; transform: translate3d(0px, 0px, 0px);"
          >
            <div
              aria-hidden="true"
              class="slick-slide slick-cloned"
              data-index="-2"
              style="width: 0px;"
              tabindex="-1"
            >
              <div>
                <img
                  alt="FacultyofAppliedScienceandEngineering.png"
                  src="FacultyofAppliedScienceandEngineering.png"
                  style="width: 100%; display: inline-block;"
                  tabindex="-1"
                />
              </div>
            </div>
            <div
              aria-hidden="true"
              class="slick-slide slick-cloned"
              data-index="-1"
              style="width: 0px;"
              tabindex="-1"
            >
              <div>
                <img
                  alt="Huawei.svg"
                  src="[object Object]"
                  style="width: 100%; display: inline-block;"
                  tabindex="-1"
                />
              </div>
            </div>
            <div
              aria-hidden="false"
              class="slick-slide slick-active slick-current"
              data-index="0"
              style="outline: none; width: 0px;"
              tabindex="-1"
            >
              <div>
                <img
                  alt="AMD.svg"
                  src="[object Object]"
                  style="width: 100%; display: inline-block;"
                  tabindex="-1"
                />
              </div>
            </div>
            <div
              aria-hidden="false"
              class="slick-slide slick-active"
              data-index="1"
              style="outline: none; width: 0px;"
              tabindex="-1"
            >
              <div>
                <img
                  alt="CityofBrampton.svg"
                  src="[object Object]"
                  style="width: 100%; display: inline-block;"
                  tabindex="-1"
                />
              </div>
            </div>
            <div
              aria-hidden="true"
              class="slick-slide"
              data-index="2"
              style="outline: none; width: 0px;"
              tabindex="-1"
            >
              <div>
                <img
                  alt="CognitiveSystems.svg"
                  src="[object Object]"
                  style="width: 100%; display: inline-block;"
                  tabindex="-1"
                />
              </div>
            </div>
            <div
              aria-hidden="true"
              class="slick-slide"
              data-index="3"
              style="outline: none; width: 0px;"
              tabindex="-1"
            >
              <div>
                <img
                  alt="ECE.png"
                  src="ECE.png"
                  style="width: 100%; display: inline-block;"
                  tabindex="-1"
                />
              </div>
            </div>
            <div
              aria-hidden="true"
              class="slick-slide"
              data-index="4"
              style="outline: none; width: 0px;"
              tabindex="-1"
            >
              <div>
                <img
                  alt="ecobee.svg"
                  src="[object Object]"
                  style="width: 100%; display: inline-block;"
                  tabindex="-1"
                />
              </div>
            </div>
            <div
              aria-hidden="true"
              class="slick-slide"
              data-index="5"
              style="outline: none; width: 0px;"
              tabindex="-1"
            >
              <div>
                <img
                  alt="FacultyofAppliedScienceandEngineering.png"
                  src="FacultyofAppliedScienceandEngineering.png"
                  style="width: 100%; display: inline-block;"
                  tabindex="-1"
                />
              </div>
            </div>
            <div
              aria-hidden="true"
              class="slick-slide"
              data-index="6"
              style="outline: none; width: 0px;"
              tabindex="-1"
            >
              <div>
                <img
                  alt="Huawei.svg"
                  src="[object Object]"
                  style="width: 100%; display: inline-block;"
                  tabindex="-1"
                />
              </div>
            </div>
            <div
              aria-hidden="true"
              class="slick-slide slick-cloned"
              data-index="7"
              style="width: 0px;"
              tabindex="-1"
            >
              <div>
                <img
                  alt="AMD.svg"
                  src="[object Object]"
                  style="width: 100%; display: inline-block;"
                  tabindex="-1"
                />
              </div>
            </div>
            <div
              aria-hidden="true"
              class="slick-slide slick-cloned"
              data-index="8"
              style="width: 0px;"
              tabindex="-1"
            >
              <div>
                <img
                  alt="CityofBrampton.svg"
                  src="[object Object]"
                  style="width: 100%; display: inline-block;"
                  tabindex="-1"
                />
              </div>
            </div>
            <div
              aria-hidden="true"
              class="slick-slide slick-cloned"
              data-index="9"
              style="width: 0px;"
              tabindex="-1"
            >
              <div>
                <img
                  alt="CognitiveSystems.svg"
                  src="[object Object]"
                  style="width: 100%; display: inline-block;"
                  tabindex="-1"
                />
              </div>
            </div>
            <div
              aria-hidden="true"
              class="slick-slide slick-cloned"
              data-index="10"
              style="width: 0px;"
              tabindex="-1"
            >
              <div>
                <img
                  alt="ECE.png"
                  src="ECE.png"
                  style="width: 100%; display: inline-block;"
                  tabindex="-1"
                />
              </div>
            </div>
            <div
              aria-hidden="true"
              class="slick-slide slick-cloned"
              data-index="11"
              style="width: 0px;"
              tabindex="-1"
            >
              <div>
                <img
                  alt="ecobee.svg"
                  src="[object Object]"
                  style="width: 100%; display: inline-block;"
                  tabindex="-1"
                />
              </div>
            </div>
            <div
              aria-hidden="true"
              class="slick-slide slick-cloned"
              data-index="12"
              style="width: 0px;"
              tabindex="-1"
            >
              <div>
                <img
                  alt="FacultyofAppliedScienceandEngineering.png"
                  src="FacultyofAppliedScienceandEngineering.png"
                  style="width: 100%; display: inline-block;"
                  tabindex="-1"
                />
              </div>
            </div>
            <div
              aria-hidden="true"
              class="slick-slide slick-cloned"
              data-index="13"
              style="width: 0px;"
              tabindex="-1"
            >
              <div>
                <img
                  alt="Huawei.svg"
                  src="[object Object]"
                  style="width: 100%; display: inline-block;"
                  tabindex="-1"
                />
              </div>
            </div>
          </div>
        </div>
        <button
          class="slick-arrow slick-next"
          data-role="none"
          style="display: block;"
          type="button"
        >
           Next
        </button>
        <ul
          class="slick-dots"
          style="display: block;"
        >
          <li
            class="slick-active"
          >
            <button>
              1
            </button>
          </li>
          <li
            class=""
          >
            <button>
              2
            </button>
          </li>
          <li
            class=""
          >
            <button>
              3
            </button>
          </li>
          <li
            class=""
          >
            <button>
              4
            </button>
          </li>
          <li
            class=""
          >
            <button>
              5
            </button>
          </li>
          <li
            class=""
          >
            <button>
              6
            </button>
          </li>
          <li
            class=""
          >
            <button>
              7
            </button>
          </li>
        </ul>
      </div>
    </div>
  </div>
</DocumentFragment>
`;
