// Jest Snapshot v1, https://goo.gl/fbAQLP

exports[`renders correctly when the dashboard appears with the sponsor card 1`] = `
<DocumentFragment>
  <div
    class="dashboard"
  >
    <h1
      class="MuiTypography-root MuiTypography-h1"
    >
      Hackathon Name Hardware Dashboard
    </h1>
    <div
      class="MuiGrid-root dashboardGrid MuiGrid-container MuiGrid-spacing-xs-2 MuiGrid-align-items-xs-flex-start"
    >
      <div
        class="MuiGrid-root DashCard MuiGrid-item"
      >
        <h2
          class="MuiTypography-root MuiTypography-h2"
        >
          Hello
        </h2>
        <div
          class="MuiPaper-root paper MuiPaper-elevation3"
        >
          <a
            class="MuiTypography-root MuiLink-root MuiLink-underlineNone MuiTypography-colorInherit"
            href="www.facebook.com"
            rel="noopener"
            target="_blank"
          >
            <div
              class="MuiContainer-root items MuiContainer-maxWidthLg"
            >
              <p
                class="MuiTypography-root MuiTypography-body2"
              >
                Test
              </p>
              <svg
                aria-hidden="true"
                class="MuiSvgIcon-root"
                focusable="false"
                viewBox="0 0 24 24"
              >
                <path
                  d="M19 9h-4V3H9v6H5l7 7 7-7zM5 18v2h14v-2H5z"
                />
              </svg>
            </div>
          </a>
          <a
            class="MuiTypography-root MuiLink-root MuiLink-underlineNone MuiTypography-colorInherit"
            href="www.facebook.com"
            rel="noopener"
            target="_blank"
          >
            <div
              class="MuiContainer-root items MuiContainer-maxWidthLg"
            >
              <p
                class="MuiTypography-root MuiTypography-body2"
              >
                Test
              </p>
              <svg
                aria-hidden="true"
                class="MuiSvgIcon-root"
                focusable="false"
                viewBox="0 0 24 24"
              >
                <path
                  d="M19 19H5V5h7V3H5c-1.11 0-2 .9-2 2v14c0 1.1.89 2 2 2h14c1.1 0 2-.9 2-2v-7h-2v7zM14 3v2h3.59l-9.83 9.83 1.41 1.41L19 6.41V10h2V3h-7z"
                />
              </svg>
            </div>
          </a>
        </div>
      </div>
      <div
        class="MuiGrid-root DashCard MuiGrid-item"
      >
        <h2
          class="MuiTypography-root MuiTypography-h2"
        >
          Hello
        </h2>
        <div
          class="MuiPaper-root paper MuiPaper-elevation3"
        >
          <a
            class="MuiTypography-root MuiLink-root MuiLink-underlineNone MuiTypography-colorInherit"
            href="www.facebook.com"
            rel="noopener"
            target="_blank"
          >
            <div
              class="MuiContainer-root items MuiContainer-maxWidthLg"
            >
              <p
                class="MuiTypography-root MuiTypography-body2"
              >
                Test
              </p>
              <svg
                aria-hidden="true"
                class="MuiSvgIcon-root"
                focusable="false"
                viewBox="0 0 24 24"
              >
                <path
                  d="M19 9h-4V3H9v6H5l7 7 7-7zM5 18v2h14v-2H5z"
                />
              </svg>
            </div>
          </a>
          <a
            class="MuiTypography-root MuiLink-root MuiLink-underlineNone MuiTypography-colorInherit"
            href="www.facebook.com"
            rel="noopener"
            target="_blank"
          >
            <div
              class="MuiContainer-root items MuiContainer-maxWidthLg"
            >
              <p
                class="MuiTypography-root MuiTypography-body2"
              >
                Test
              </p>
              <svg
                aria-hidden="true"
                class="MuiSvgIcon-root"
                focusable="false"
                viewBox="0 0 24 24"
              >
                <path
                  d="M19 19H5V5h7V3H5c-1.11 0-2 .9-2 2v14c0 1.1.89 2 2 2h14c1.1 0 2-.9 2-2v-7h-2v7zM14 3v2h3.59l-9.83 9.83 1.41 1.41L19 6.41V10h2V3h-7z"
                />
              </svg>
            </div>
          </a>
        </div>
      </div>
      <div
        class="MuiGrid-root sponsors MuiGrid-item"
        data-testid="sponsor-card"
      >
        <h2
          class="MuiTypography-root MuiTypography-h2"
        >
          Thanks to our sponsors!
        </h2>
        <div
          class="MuiPaper-root sponsorsPaper MuiPaper-elevation3 MuiPaper-rounded"
        >
          <div
            class="slick-slider slick-initialized"
            dir="ltr"
          >
            <button
              class="slick-arrow slick-prev"
              data-role="none"
              style="display: block;"
              type="button"
            >
               Previous
            </button>
            <div
              class="slick-list"
            >
              <div
                class="slick-track"
                style="opacity: 1; transform: translate3d(0px, 0px, 0px);"
              >
                <div
                  aria-hidden="true"
                  class="slick-slide slick-cloned"
                  data-index="-2"
                  style="width: 0px;"
                  tabindex="-1"
                >
                  <div>
                    <img
                      alt="FacultyofAppliedScienceandEngineering.png"
                      src="FacultyofAppliedScienceandEngineering.png"
                      style="width: 100%; display: inline-block;"
                      tabindex="-1"
                    />
                  </div>
                </div>
                <div
                  aria-hidden="true"
                  class="slick-slide slick-cloned"
                  data-index="-1"
                  style="width: 0px;"
                  tabindex="-1"
                >
                  <div>
                    <img
                      alt="Huawei.svg"
                      src="[object Object]"
                      style="width: 100%; display: inline-block;"
                      tabindex="-1"
                    />
                  </div>
                </div>
                <div
                  aria-hidden="false"
                  class="slick-slide slick-active slick-current"
                  data-index="0"
                  style="outline: none; width: 0px;"
                  tabindex="-1"
                >
                  <div>
                    <img
                      alt="AMD.svg"
                      src="[object Object]"
                      style="width: 100%; display: inline-block;"
                      tabindex="-1"
                    />
                  </div>
                </div>
                <div
                  aria-hidden="false"
                  class="slick-slide slick-active"
                  data-index="1"
                  style="outline: none; width: 0px;"
                  tabindex="-1"
                >
                  <div>
                    <img
                      alt="CityofBrampton.svg"
                      src="[object Object]"
                      style="width: 100%; display: inline-block;"
                      tabindex="-1"
                    />
                  </div>
                </div>
                <div
                  aria-hidden="true"
                  class="slick-slide"
                  data-index="2"
                  style="outline: none; width: 0px;"
                  tabindex="-1"
                >
                  <div>
                    <img
                      alt="CognitiveSystems.svg"
                      src="[object Object]"
                      style="width: 100%; display: inline-block;"
                      tabindex="-1"
                    />
                  </div>
                </div>
                <div
                  aria-hidden="true"
                  class="slick-slide"
                  data-index="3"
                  style="outline: none; width: 0px;"
                  tabindex="-1"
                >
                  <div>
                    <img
                      alt="ECE.png"
                      src="ECE.png"
                      style="width: 100%; display: inline-block;"
                      tabindex="-1"
                    />
                  </div>
                </div>
                <div
                  aria-hidden="true"
                  class="slick-slide"
                  data-index="4"
                  style="outline: none; width: 0px;"
                  tabindex="-1"
                >
                  <div>
                    <img
                      alt="ecobee.svg"
                      src="[object Object]"
                      style="width: 100%; display: inline-block;"
                      tabindex="-1"
                    />
                  </div>
                </div>
                <div
                  aria-hidden="true"
                  class="slick-slide"
                  data-index="5"
                  style="outline: none; width: 0px;"
                  tabindex="-1"
                >
                  <div>
                    <img
                      alt="FacultyofAppliedScienceandEngineering.png"
                      src="FacultyofAppliedScienceandEngineering.png"
                      style="width: 100%; display: inline-block;"
                      tabindex="-1"
                    />
                  </div>
                </div>
                <div
                  aria-hidden="true"
                  class="slick-slide"
                  data-index="6"
                  style="outline: none; width: 0px;"
                  tabindex="-1"
                >
                  <div>
                    <img
                      alt="Huawei.svg"
                      src="[object Object]"
                      style="width: 100%; display: inline-block;"
                      tabindex="-1"
                    />
                  </div>
                </div>
                <div
                  aria-hidden="true"
                  class="slick-slide slick-cloned"
                  data-index="7"
                  style="width: 0px;"
                  tabindex="-1"
                >
                  <div>
                    <img
                      alt="AMD.svg"
                      src="[object Object]"
                      style="width: 100%; display: inline-block;"
                      tabindex="-1"
                    />
                  </div>
                </div>
                <div
                  aria-hidden="true"
                  class="slick-slide slick-cloned"
                  data-index="8"
                  style="width: 0px;"
                  tabindex="-1"
                >
                  <div>
                    <img
                      alt="CityofBrampton.svg"
                      src="[object Object]"
                      style="width: 100%; display: inline-block;"
                      tabindex="-1"
                    />
                  </div>
                </div>
                <div
                  aria-hidden="true"
                  class="slick-slide slick-cloned"
                  data-index="9"
                  style="width: 0px;"
                  tabindex="-1"
                >
                  <div>
                    <img
                      alt="CognitiveSystems.svg"
                      src="[object Object]"
                      style="width: 100%; display: inline-block;"
                      tabindex="-1"
                    />
                  </div>
                </div>
                <div
                  aria-hidden="true"
                  class="slick-slide slick-cloned"
                  data-index="10"
                  style="width: 0px;"
                  tabindex="-1"
                >
                  <div>
                    <img
                      alt="ECE.png"
                      src="ECE.png"
                      style="width: 100%; display: inline-block;"
                      tabindex="-1"
                    />
                  </div>
                </div>
                <div
                  aria-hidden="true"
                  class="slick-slide slick-cloned"
                  data-index="11"
                  style="width: 0px;"
                  tabindex="-1"
                >
                  <div>
                    <img
                      alt="ecobee.svg"
                      src="[object Object]"
                      style="width: 100%; display: inline-block;"
                      tabindex="-1"
                    />
                  </div>
                </div>
                <div
                  aria-hidden="true"
                  class="slick-slide slick-cloned"
                  data-index="12"
                  style="width: 0px;"
                  tabindex="-1"
                >
                  <div>
                    <img
                      alt="FacultyofAppliedScienceandEngineering.png"
                      src="FacultyofAppliedScienceandEngineering.png"
                      style="width: 100%; display: inline-block;"
                      tabindex="-1"
                    />
                  </div>
                </div>
                <div
                  aria-hidden="true"
                  class="slick-slide slick-cloned"
                  data-index="13"
                  style="width: 0px;"
                  tabindex="-1"
                >
                  <div>
                    <img
                      alt="Huawei.svg"
                      src="[object Object]"
                      style="width: 100%; display: inline-block;"
                      tabindex="-1"
                    />
                  </div>
                </div>
              </div>
            </div>
            <button
              class="slick-arrow slick-next"
              data-role="none"
              style="display: block;"
              type="button"
            >
               Next
            </button>
            <ul
              class="slick-dots"
              style="display: block;"
            >
              <li
                class="slick-active"
              >
                <button>
                  1
                </button>
              </li>
              <li
                class=""
              >
                <button>
                  2
                </button>
              </li>
              <li
                class=""
              >
                <button>
                  3
                </button>
              </li>
              <li
                class=""
              >
                <button>
                  4
                </button>
              </li>
              <li
                class=""
              >
                <button>
                  5
                </button>
              </li>
              <li
                class=""
              >
                <button>
                  6
                </button>
              </li>
              <li
                class=""
              >
                <button>
                  7
                </button>
              </li>
            </ul>
          </div>
        </div>
      </div>
    </div>
  </div>
</DocumentFragment>
`;
